https://www.linode.com/docs/guides/install-steamcmd-for-a-steam-game-server/#configure-your-firewall-using-iptables
https://www.linode.com/docs/guides/using-gnu-screen-to-manage-persistent-terminal-sessions/#installing-gnu-screen
https://www.linode.com/docs/guides/install-a-half-life-2-deathmatch-dedicated-server-on-debian-or-ubuntu/

install debian-12.7.0-amd64-netinst.iso virtual machine

make user sudoer
$ echo 'export PATH=$PATH:/usr/sbin' >> ~/.bashrc
$ source ~/.bashrc
restart machine to run next command
$ sudo usermod -aG sudo pacarey



install screen
sudo apt-get update;
sudo apt-get upgrade;
sudo apt-get install screen;

sudo apt install iptables
sudo apt install iptables
sudo apt install iptables-persistent

File: ~/v4
*filter

# Allow all loopback (lo0) traffic and reject traffic
# to localhost that does not originate from lo0.
-A INPUT -i lo -j ACCEPT
-A INPUT ! -i lo -s 127.0.0.0/8 -j REJECT

# Allow ping.
-A INPUT -p icmp -m state --state NEW --icmp-type 8 -j ACCEPT

# Allow SSH connections.
-A INPUT -p tcp -m state --state NEW --dport 22 -j ACCEPT

# Allow the Steam client.
-A INPUT -p udp -m udp --dport 27000:27030 -j ACCEPT
-A INPUT -p udp -m udp --dport 4380 -j ACCEPT

# Allow inbound traffic from established connections.
# This includes ICMP error returns.
-A INPUT -m state --state ESTABLISHED,RELATED -j ACCEPT

# Log what was incoming but denied (optional but useful).
-A INPUT -m limit --limit 3/min -j LOG --log-prefix "iptables_INPUT_denied: " --log-level 7
-A FORWARD -m limit --limit 3/min -j LOG --log-prefix "iptables_FORWARD_denied: " --log-level 7

# Reject all other inbound.
-A INPUT -j REJECT
-A FORWARD -j REJECT

COMMIT

File: v6
*filter

# Allow all loopback (lo0) traffic and reject traffic
# to localhost that does not originate from lo0.
-A INPUT -i lo -j ACCEPT
-A INPUT ! -i lo -s ::1/128 -j REJECT

# Allow ICMP.
-A INPUT -p icmpv6 -j ACCEPT

# Allow inbound traffic from established connections.
-A INPUT -m state --state ESTABLISHED -j ACCEPT

# Reject all other inbound.
-A INPUT -j REJECT
-A FORWARD -j REJECT

COMMIT

Import the rulesets into your firewall to activate them:

sudo iptables-restore < ~/v4
sudo ip6tables-restore < ~/v6

If iptables-persistent was already installed, reconfigure the package so that it recognizes your new rulesets:

sudo dpkg-reconfigure iptables-persistent
Confirm that your firewall rules are active:

sudo iptables -vL

sudo iptables -A INPUT -p udp --dport 27015:27030 -j ACCEPT
sudo iptables -A INPUT -p tcp --dport 27036:27037 -j ACCEPT

sudo dpkg-reconfigure iptables-persistent



create steam user
$ sudo adduser steam_user
$ sudo usermod -aG sudo steam_user 



install steamCMD

Debian

Add the non-free area to the repositories in your sources list, because the steamcmd package is only available from this area. To do so, edit your /etc/apt/sources.list file and include non-free at the end of each deb and deb-src line, as in this snippet:

sudo apt update; sudo apt install software-properties-common; sudo apt-add-repository non-free; sudo dpkg --add-architecture i386; sudo apt update
sudo apt install steamcmd

sudo apt-get install lib32gcc-s1


su steam_user
force_install_dir /home/steam_user/games
login anonymous
app_update 90
app_set_config 90 mod cstrike
app_update 90 validate
/home/steam_user/games/hlds_run -game cstrike -pingboost 2 +map de_dust2 +maxplayers 32


sudo chown -R steam_user:steam_user /usr/games/steamcmd
sudo chown -R steam_user:steam_user /home/steam_user/games/hlds_run

